// Jest Snapshot v1, https://goo.gl/fbAQLP

exports[`PaymentChannel should render correctly 1`] = `
<withNavigation(withNavigationFocus(PaymentChannel))
  contractExchangeRates={Object {}}
  conversionRate={100}
  currentCurrency="USD"
  internalTransactions={Array []}
  nativeCurrency="AVAX"
  paymentChannelsEnabled={true}
  provider={
    Object {
      "ticker": "AVAX",
      "type": "avalanche",
    }
  }
  selectedAddress="0x1"
  setPaymentChannelTransaction={[Function]}
  showAlert={[Function]}
  transactions={Array []}
/>
`;
